error[E0063]: missing field `b` in initializer of `Foo`
 --> $DIR/17-enums-struct-variant-incomplete.rs:4:19
  |
4 | #[default(value = "A { a: 10 }")]
  |                   ^^^^^^^^^^^^^ missing `b`
